{
	"status": "REJECTED",
	"testDetails": [{
			"testName": "ntdStatus",
			"status": "Cancelled"
		}
	]
}