{
	"status": "REJECTED",
	"testDetails": [{
			"testName": "ntdStatus"
		},
		{
			"testName": "ponStatus",
			"status": "Cancelled"
		}
	]
}