{
	"status": "COMPLETED",
	"testDetails": [{
			"testName": "ntdStatus",
			"status": "Completed",
			"result": "Passed"
		}
	]
}